// Jest Snapshot v1, https://goo.gl/fbAQLP

exports[`Slider renders Slider correctly 1`] = `
<div
  className=
      ms-Slider
      ms-Slider-enabled
      ms-Slider-row
      {
        user-select: none;
      }
>
  <div
    className=
        ms-Slider-container
        {
          align-items: center;
          display: flex;
          flex-wrap: nowrap;
        }
  >
    <button
      aria-label={undefined}
      aria-valuemax={10}
      aria-valuemin={0}
      aria-valuenow={0}
      aria-valuetext={undefined}
      className=
          ms-Slider-slideBox
          ms-Slider-showValue
          ms-Slider-showTransitions
          {
            background: transparent;
            border: none;
            flex-grow: 1;
            height: 28px;
            line-height: 28px;
            outline: transparent;
            padding-bottom: 0;
            padding-left: 8px;
            padding-right: 8px;
            padding-top: 0;
            position: relative;
            width: auto;
          }
          &::-moz-focus-inner {
            border: 0;
          }
          .ms-Fabric--isFocusVisible &:focus:after {
            border: 1px solid #ffffff;
            bottom: 1px;
            content: "";
            left: 1px;
            outline: 1px solid #666666;
            position: absolute;
            right: 1px;
            top: 1px;
            z-index: 1;
          }
          &:active $activeSection {
            background-color: #0078d4;
          }
          @media screen and (-ms-high-contrast: active){&:active $activeSection {
            background-color: Highlight;
          }
          &:hover $activeSection {
            background-color: #0078d4;
          }
          @media screen and (-ms-high-contrast: active){&:hover $activeSection {
            background-color: Highlight;
          }
          &:active $inactiveSection {
            background-color: #c7e0f4;
          }
          @media screen and (-ms-high-contrast: active){&:active $inactiveSection {
            border-color: Highlight;
          }
          &:hover $inactiveSection {
            background-color: #c7e0f4;
          }
          @media screen and (-ms-high-contrast: active){&:hover $inactiveSection {
            border-color: Highlight;
          }
          &:active $thumb {
            border: 2px solid #0078d4;
          }
          @media screen and (-ms-high-contrast: active){&:active $thumb {
            border-color: Highlight;
          }
          &:hover $thumb {
            border: 2px solid #0078d4;
          }
          @media screen and (-ms-high-contrast: active){&:hover $thumb {
            border-color: Highlight;
          }
          & $thumb {
            background: #ffffff;
            border-color: #666666;
            border-radius: 10px;
            border-style: solid;
            border-width: 2px;
            box-sizing: border-box;
            display: block;
            height: 16px;
            position: absolute;
            top: -6px;
            transform: translateX(-50%);
            transition: left 0.367s cubic-bezier(.1,.9,.2,1);
            width: 16px;
          }
      disabled={false}
      id="Slider0"
      onKeyDown={[Function]}
      onMouseDown={[Function]}
      onTouchStart={[Function]}
      role="slider"
      type="button"
    >
      <div
        className=
            ms-Slider-line
            {
              display: flex;
              position: relative;
              width: 100%;
            }
            & $lineContainer {
              border-radius: 4px;
              box-sizing: border-box;
              height: 4px;
              width: 100%;
            }
      >
        <span
          className=
              ms-Slider-thumb

          style={
            Object {
              "left": "0%",
            }
          }
        />
        <span
          className=
              ms-Slider-active

              {
                background: #666666;
                transition: width 0.367s cubic-bezier(.1,.9,.2,1);
              }
              @media screen and (-ms-high-contrast: active){& {
                background-color: WindowText;
              }
          style={
            Object {
              "width": "0%",
            }
          }
        />
        <span
          className=
              ms-Slider-inactive

              {
                background: #c8c8c8;
                transition: width 0.367s cubic-bezier(.1,.9,.2,1);
              }
              @media screen and (-ms-high-contrast: active){& {
                border: 1px solid WindowText;
              }
          style={
            Object {
              "width": "100%",
            }
          }
        />
      </div>
    </button>
    <label
      className=
          ms-Label
          ms-Slider-value
          {
            box-shadow: none;
            box-sizing: border-box;
            color: #333333;
            display: block;
            flex-shrink: 1;
            line-height: 1;
            margin-bottom: 0;
            margin-left: 8px;
            margin-right: 8px;
            margin-top: 0;
            overflow-wrap: break-word;
            padding-bottom: 5px;
            padding-left: 0;
            padding-right: 0;
            padding-top: 5px;
            white-space: nowrap;
            width: 40px;
            word-wrap: break-word;
          }
    >
      0
    </label>
  </div>
</div>
`;
