// Jest Snapshot v1, https://goo.gl/fbAQLP

exports[`DatePicker renders default DatePicker correctly 1`] = `
<div
  className=
      ms-DatePicker
      {
        box-shadow: none;
        box-sizing: border-box;
        margin-bottom: 0px;
        margin-left: 0px;
        margin-right: 0px;
        margin-top: 0px;
        padding-bottom: 0px;
        padding-left: 0px;
        padding-right: 0px;
        padding-top: 0px;
      }
>
  <div>
    <div
      className="ms-TextField"
    >
      <div
        className="ms-TextField-wrapper"
      >
        <div
          className="ms-TextField-fieldGroup"
        >
          <input
            aria-describedby={undefined}
            aria-expanded={false}
            aria-haspopup="true"
            aria-invalid={false}
            aria-label={undefined}
            className="ms-TextField-field"
            disabled={undefined}
            id="TextField0"
            onBlur={[Function]}
            onChange={[Function]}
            onClick={[Function]}
            onFocus={[Function]}
            onInput={[Function]}
            onKeyDown={[Function]}
            placeholder={undefined}
            readOnly={true}
            required={false}
            role="button"
            type="text"
            value=""
          />
          <i
            aria-hidden={true}
            className=
                ms-DatePicker-event--without-label
                msDatePickerDisabled
                {
                  -moz-osx-font-smoothing: grayscale;
                  -webkit-font-smoothing: antialiased;
                  color: #666666;
                  cursor: pointer;
                  display: inline-block;
                  font-family: "FabricMDL2Icons";
                  font-size: 16px;
                  font-style: normal;
                  font-weight: normal;
                  line-height: 18px;
                  pointer-events: initial;
                  position: absolute;
                  right: 9px;
                  speak: none;
                  top: 7px;
                }
            data-icon-name="Calendar"
            onClick={[Function]}
            role="presentation"
          >
            îž‡
          </i>
        </div>
      </div>
    </div>
  </div>
</div>
`;
