// Jest Snapshot v1, https://goo.gl/fbAQLP

exports[`Link renders Link correctly 1`] = `
<a
  aria-disabled={undefined}
  className=
      ms-Link
      {
        color: #0078d4;
        outline: transparent;
        position: relative;
        text-decoration: none;
      }
      &::-moz-focus-inner {
        border: 0;
      }
      .ms-Fabric--isFocusVisible &:focus:after {
        border: 1px solid #ffffff;
        bottom: 1px;
        content: "";
        left: 1px;
        outline: 1px solid #666666;
        position: absolute;
        right: 1px;
        top: 1px;
        z-index: 1;
      }
      &:active, &:hover, &:active:hover {
        color: #004578;
      }
      @media screen and (-ms-high-contrast: active){&:active, &:hover, &:active:hover {
        text-decoration: underline;
      }
      &:focus {
        color: #0078d4;
      }
  href="#"
  onClick={[Function]}
  target={undefined}
>
  I'm a link
</a>
`;

exports[`Link renders Link with "as=div" a div element 1`] = `
<div
  aria-disabled={undefined}
  className=
      ms-Link
      customClassName
      {
        background-color: transparent;
        background: none;
        border-bottom: 1px solid transparent;
        border: none;
        color: #0078d4;
        cursor: pointer;
        display: inline;
        font-size: inherit;
        margin-bottom: 0px;
        margin-left: 0px;
        margin-right: 0px;
        margin-top: 0px;
        outline: transparent;
        overflow: inherit;
        padding-bottom: 0px;
        padding-left: 0px;
        padding-right: 0px;
        padding-top: 0px;
        position: relative;
        text-align: left;
        text-overflow: inherit;
        user-select: text;
      }
      &::-moz-focus-inner {
        border: 0;
      }
      .ms-Fabric--isFocusVisible &:focus:after {
        border: 1px solid #ffffff;
        bottom: 1px;
        content: "";
        left: 1px;
        outline: 1px solid #666666;
        position: absolute;
        right: 1px;
        top: 1px;
        z-index: 1;
      }
      @media screen and (-ms-high-contrast: white-on-black){& {
        color: #FFFF00;
      }
      @media screen and (-ms-high-contrast: black-on-white){& {
        color: #00009F;
      }
      @media screen and (-ms-high-contrast: active), (-ms-high-contrast: none){& {
        border-bottom: none;
      }
      &:active, &:hover, &:active:hover {
        color: #004578;
      }
      @media screen and (-ms-high-contrast: active){&:active, &:hover, &:active:hover {
        text-decoration: underline;
      }
      &:focus {
        color: #0078d4;
      }
  disabled={undefined}
  onClick={[Function]}
>
  I'm a div
</div>
`;

exports[`Link renders Link with a custom class name 1`] = `
<a
  aria-disabled={undefined}
  className=
      ms-Link
      customClassName
      {
        color: #0078d4;
        outline: transparent;
        position: relative;
        text-decoration: none;
      }
      &::-moz-focus-inner {
        border: 0;
      }
      .ms-Fabric--isFocusVisible &:focus:after {
        border: 1px solid #ffffff;
        bottom: 1px;
        content: "";
        left: 1px;
        outline: 1px solid #666666;
        position: absolute;
        right: 1px;
        top: 1px;
        z-index: 1;
      }
      &:active, &:hover, &:active:hover {
        color: #004578;
      }
      @media screen and (-ms-high-contrast: active){&:active, &:hover, &:active:hover {
        text-decoration: underline;
      }
      &:focus {
        color: #0078d4;
      }
  href="#"
  onClick={[Function]}
  target={undefined}
>
  I'm a link
</a>
`;

exports[`Link renders Link with no href as a button 1`] = `
<button
  aria-disabled={undefined}
  className=
      ms-Link
      {
        background-color: transparent;
        background: none;
        border-bottom: 1px solid transparent;
        border: none;
        color: #0078d4;
        cursor: pointer;
        display: inline;
        font-size: inherit;
        margin-bottom: 0px;
        margin-left: 0px;
        margin-right: 0px;
        margin-top: 0px;
        outline: transparent;
        overflow: inherit;
        padding-bottom: 0px;
        padding-left: 0px;
        padding-right: 0px;
        padding-top: 0px;
        position: relative;
        text-align: left;
        text-overflow: inherit;
        user-select: text;
      }
      &::-moz-focus-inner {
        border: 0;
      }
      .ms-Fabric--isFocusVisible &:focus:after {
        border: 1px solid #ffffff;
        bottom: 1px;
        content: "";
        left: 1px;
        outline: 1px solid #666666;
        position: absolute;
        right: 1px;
        top: 1px;
        z-index: 1;
      }
      @media screen and (-ms-high-contrast: white-on-black){& {
        color: #FFFF00;
      }
      @media screen and (-ms-high-contrast: black-on-white){& {
        color: #00009F;
      }
      @media screen and (-ms-high-contrast: active), (-ms-high-contrast: none){& {
        border-bottom: none;
      }
      &:active, &:hover, &:active:hover {
        color: #004578;
      }
      @media screen and (-ms-high-contrast: active){&:active, &:hover, &:active:hover {
        text-decoration: underline;
      }
      &:focus {
        color: #0078d4;
      }
  disabled={undefined}
  onClick={[Function]}
>
  I'm a link as a button
</button>
`;

exports[`Link renders disabled Link correctly 1`] = `
<a
  aria-disabled={true}
  className=
      ms-Link
      is-disabled
      {
        color: #a6a6a6;
        cursor: default;
        outline: transparent;
        position: relative;
        text-decoration: none;
      }
      &::-moz-focus-inner {
        border: 0;
      }
      .ms-Fabric--isFocusVisible &:focus:after {
        border: 1px solid #ffffff;
        bottom: 1px;
        content: "";
        left: 1px;
        outline: 1px solid #666666;
        position: absolute;
        right: 1px;
        top: 1px;
        z-index: 1;
      }
      &:link, &:visited {
        pointer-events: none;
      }
  href="#"
  onClick={[Function]}
  target={undefined}
>
  I'm a disabled link
</a>
`;

exports[`Link renders disabled Link with no href as a button correctly 1`] = `
<button
  aria-disabled={true}
  className=
      ms-Link
      is-disabled
      {
        background-color: transparent;
        background: none;
        border-bottom: 1px solid transparent;
        border: none;
        color: #a6a6a6;
        cursor: default;
        display: inline;
        font-size: inherit;
        margin-bottom: 0px;
        margin-left: 0px;
        margin-right: 0px;
        margin-top: 0px;
        outline: transparent;
        overflow: inherit;
        padding-bottom: 0px;
        padding-left: 0px;
        padding-right: 0px;
        padding-top: 0px;
        position: relative;
        text-align: left;
        text-overflow: inherit;
        user-select: text;
      }
      &::-moz-focus-inner {
        border: 0;
      }
      .ms-Fabric--isFocusVisible &:focus:after {
        border: 1px solid #ffffff;
        bottom: 1px;
        content: "";
        left: 1px;
        outline: 1px solid #666666;
        position: absolute;
        right: 1px;
        top: 1px;
        z-index: 1;
      }
      @media screen and (-ms-high-contrast: white-on-black){& {
        color: #FFFF00;
      }
      @media screen and (-ms-high-contrast: black-on-white){& {
        color: #00009F;
      }
      @media screen and (-ms-high-contrast: active), (-ms-high-contrast: none){& {
        border-bottom: none;
      }
      &:link, &:visited {
        pointer-events: none;
      }
  disabled={true}
  onClick={[Function]}
>
  I'm a link as a button
</button>
`;

exports[`Link supports non button/anchor html attributes when "as=" is used 1`] = `
<blockquote
  aria-disabled={undefined}
  cite="hi"
  className=
      ms-Link
      customClassName
      {
        background-color: transparent;
        background: none;
        border-bottom: 1px solid transparent;
        border: none;
        color: #0078d4;
        cursor: pointer;
        display: inline;
        font-size: inherit;
        margin-bottom: 0px;
        margin-left: 0px;
        margin-right: 0px;
        margin-top: 0px;
        outline: transparent;
        overflow: inherit;
        padding-bottom: 0px;
        padding-left: 0px;
        padding-right: 0px;
        padding-top: 0px;
        position: relative;
        text-align: left;
        text-overflow: inherit;
        user-select: text;
      }
      &::-moz-focus-inner {
        border: 0;
      }
      .ms-Fabric--isFocusVisible &:focus:after {
        border: 1px solid #ffffff;
        bottom: 1px;
        content: "";
        left: 1px;
        outline: 1px solid #666666;
        position: absolute;
        right: 1px;
        top: 1px;
        z-index: 1;
      }
      @media screen and (-ms-high-contrast: white-on-black){& {
        color: #FFFF00;
      }
      @media screen and (-ms-high-contrast: black-on-white){& {
        color: #00009F;
      }
      @media screen and (-ms-high-contrast: active), (-ms-high-contrast: none){& {
        border-bottom: none;
      }
      &:active, &:hover, &:active:hover {
        color: #004578;
      }
      @media screen and (-ms-high-contrast: active){&:active, &:hover, &:active:hover {
        text-decoration: underline;
      }
      &:focus {
        color: #0078d4;
      }
  disabled={undefined}
  onClick={[Function]}
>
  I'm a blockquote
</blockquote>
`;
