// Jest Snapshot v1, https://goo.gl/fbAQLP

exports[`MarqueeSelection renders MarqueeSelection correctly 1`] = `
<StyledCustomizedMarqueeSelection
  selection={
    Selection {
      "_anchoredIndex": 0,
      "_canSelectItem": [Function],
      "_changeEventSuppressionCount": 0,
      "_exemptedCount": 0,
      "_exemptedIndices": Object {},
      "_getKey": [Function],
      "_isModal": false,
      "_items": Array [],
      "_keyToIndexMap": Object {},
      "_onSelectionChanged": undefined,
      "_selectedIndices": Array [],
      "_selectedItems": null,
      "_unselectableCount": 0,
      "_unselectableIndices": Object {},
      "mode": 2,
    }
  }
>
  <CustomizedMarqueeSelection
    isEnabled={true}
    rootProps={Object {}}
    rootTagName="div"
    selection={
      Selection {
        "_anchoredIndex": 0,
        "_canSelectItem": [Function],
        "_changeEventSuppressionCount": 0,
        "_exemptedCount": 0,
        "_exemptedIndices": Object {},
        "_getKey": [Function],
        "_isModal": false,
        "_items": Array [],
        "_keyToIndexMap": Object {},
        "_onSelectionChanged": undefined,
        "_selectedIndices": Array [],
        "_selectedItems": null,
        "_unselectableCount": 0,
        "_unselectableIndices": Object {},
        "mode": 2,
      }
    }
    styles={[Function]}
    theme={
      Object {
        "disableGlobalClassNames": false,
        "fonts": Object {
          "large": Object {
            "MozOsxFontSmoothing": "grayscale",
            "WebkitFontSmoothing": "antialiased",
            "fontFamily": "'Segoe UI Web (West European)', 'Segoe UI', -apple-system, BlinkMacSystemFont, 'Roboto', 'Helvetica Neue', sans-serif",
            "fontSize": "17px",
            "fontWeight": 300,
          },
          "medium": Object {
            "MozOsxFontSmoothing": "grayscale",
            "WebkitFontSmoothing": "antialiased",
            "fontFamily": "'Segoe UI', 'Segoe UI Web (West European)', 'Segoe UI', -apple-system, BlinkMacSystemFont, 'Roboto', 'Helvetica Neue', sans-serif",
            "fontSize": "14px",
            "fontWeight": 400,
          },
          "mediumPlus": Object {
            "MozOsxFontSmoothing": "grayscale",
            "WebkitFontSmoothing": "antialiased",
            "fontFamily": "'Segoe UI', 'Segoe UI Web (West European)', 'Segoe UI', -apple-system, BlinkMacSystemFont, 'Roboto', 'Helvetica Neue', sans-serif",
            "fontSize": "15px",
            "fontWeight": 400,
          },
          "mega": Object {
            "MozOsxFontSmoothing": "grayscale",
            "WebkitFontSmoothing": "antialiased",
            "fontFamily": "'Segoe UI', 'Segoe UI Web (West European)', 'Segoe UI', -apple-system, BlinkMacSystemFont, 'Roboto', 'Helvetica Neue', sans-serif",
            "fontSize": "72px",
            "fontWeight": 100,
          },
          "small": Object {
            "MozOsxFontSmoothing": "grayscale",
            "WebkitFontSmoothing": "antialiased",
            "fontFamily": "'Segoe UI', 'Segoe UI Web (West European)', 'Segoe UI', -apple-system, BlinkMacSystemFont, 'Roboto', 'Helvetica Neue', sans-serif",
            "fontSize": "12px",
            "fontWeight": 400,
          },
          "smallPlus": Object {
            "MozOsxFontSmoothing": "grayscale",
            "WebkitFontSmoothing": "antialiased",
            "fontFamily": "'Segoe UI', 'Segoe UI Web (West European)', 'Segoe UI', -apple-system, BlinkMacSystemFont, 'Roboto', 'Helvetica Neue', sans-serif",
            "fontSize": "13px",
            "fontWeight": 400,
          },
          "superLarge": Object {
            "MozOsxFontSmoothing": "grayscale",
            "WebkitFontSmoothing": "antialiased",
            "fontFamily": "'Segoe UI', 'Segoe UI Web (West European)', 'Segoe UI', -apple-system, BlinkMacSystemFont, 'Roboto', 'Helvetica Neue', sans-serif",
            "fontSize": "42px",
            "fontWeight": 100,
          },
          "tiny": Object {
            "MozOsxFontSmoothing": "grayscale",
            "WebkitFontSmoothing": "antialiased",
            "fontFamily": "'Segoe UI', 'Segoe UI Web (West European)', 'Segoe UI', -apple-system, BlinkMacSystemFont, 'Roboto', 'Helvetica Neue', sans-serif",
            "fontSize": "10px",
            "fontWeight": 600,
          },
          "xLarge": Object {
            "MozOsxFontSmoothing": "grayscale",
            "WebkitFontSmoothing": "antialiased",
            "fontFamily": "'Segoe UI', 'Segoe UI Web (West European)', 'Segoe UI', -apple-system, BlinkMacSystemFont, 'Roboto', 'Helvetica Neue', sans-serif",
            "fontSize": "21px",
            "fontWeight": 100,
          },
          "xSmall": Object {
            "MozOsxFontSmoothing": "grayscale",
            "WebkitFontSmoothing": "antialiased",
            "fontFamily": "'Segoe UI', 'Segoe UI Web (West European)', 'Segoe UI', -apple-system, BlinkMacSystemFont, 'Roboto', 'Helvetica Neue', sans-serif",
            "fontSize": "11px",
            "fontWeight": 400,
          },
          "xxLarge": Object {
            "MozOsxFontSmoothing": "grayscale",
            "WebkitFontSmoothing": "antialiased",
            "fontFamily": "'Segoe UI', 'Segoe UI Web (West European)', 'Segoe UI', -apple-system, BlinkMacSystemFont, 'Roboto', 'Helvetica Neue', sans-serif",
            "fontSize": "28px",
            "fontWeight": 100,
          },
        },
        "isInverted": false,
        "palette": Object {
          "accent": "#0078d4",
          "black": "#000000",
          "blackTranslucent40": "rgba(0,0,0,.4)",
          "blue": "#0078d4",
          "blueDark": "#002050",
          "blueLight": "#00bcf2",
          "blueMid": "#00188f",
          "green": "#107c10",
          "greenDark": "#004b1c",
          "greenLight": "#bad80a",
          "magenta": "#b4009e",
          "magentaDark": "#5c005c",
          "magentaLight": "#e3008c",
          "neutralDark": "#212121",
          "neutralLight": "#eaeaea",
          "neutralLighter": "#f4f4f4",
          "neutralLighterAlt": "#f8f8f8",
          "neutralPrimary": "#333333",
          "neutralPrimaryAlt": "#3c3c3c",
          "neutralQuaternary": "#d0d0d0",
          "neutralQuaternaryAlt": "#dadada",
          "neutralSecondary": "#666666",
          "neutralSecondaryAlt": "#767676",
          "neutralTertiary": "#a6a6a6",
          "neutralTertiaryAlt": "#c8c8c8",
          "orange": "#d83b01",
          "orangeLight": "#ea4300",
          "orangeLighter": "#ff8c00",
          "purple": "#5c2d91",
          "purpleDark": "#32145a",
          "purpleLight": "#b4a0ff",
          "red": "#e81123",
          "redDark": "#a80000",
          "teal": "#008272",
          "tealDark": "#004b50",
          "tealLight": "#00b294",
          "themeDark": "#005a9e",
          "themeDarkAlt": "#106ebe",
          "themeDarker": "#004578",
          "themeLight": "#c7e0f4",
          "themeLighter": "#deecf9",
          "themeLighterAlt": "#eff6fc",
          "themePrimary": "#0078d4",
          "themeSecondary": "#2b88d8",
          "themeTertiary": "#71afe5",
          "white": "#ffffff",
          "whiteTranslucent40": "rgba(255,255,255,.4)",
          "yellow": "#ffb900",
          "yellowLight": "#fff100",
        },
        "semanticColors": Object {
          "blockingBackground": "rgba(234, 67, 0, .2)",
          "bodyBackground": "#ffffff",
          "bodyDivider": "#c8c8c8",
          "bodyFrameBackground": "#ffffff",
          "bodySubtext": "#666666",
          "bodyText": "#333333",
          "bodyTextChecked": "#000000",
          "buttonBackground": "#f4f4f4",
          "buttonBackgroundChecked": "#c8c8c8",
          "buttonBackgroundCheckedHovered": "#eaeaea",
          "buttonBackgroundHovered": "#eaeaea",
          "buttonBorder": "transparent",
          "buttonText": "#333333",
          "buttonTextChecked": "#212121",
          "buttonTextCheckedHovered": "#000000",
          "buttonTextHovered": "#000000",
          "disabledBackground": "#f4f4f4",
          "disabledBodyText": "#c8c8c8",
          "disabledSubtext": "#d0d0d0",
          "disabledText": "#a6a6a6",
          "errorBackground": "rgba(232, 17, 35, .2)",
          "errorText": "#a80000",
          "focusBorder": "#000000",
          "inputBackground": "#ffffff",
          "inputBackgroundChecked": "#0078d4",
          "inputBackgroundCheckedHovered": "#106ebe",
          "inputBorder": "#a6a6a6",
          "inputBorderHovered": "#212121",
          "inputFocusBorderAlt": "#0078d4",
          "inputForegroundChecked": "#ffffff",
          "inputPlaceholderText": "#666666",
          "link": "#0078d4",
          "linkHovered": "#004578",
          "listBackground": "#ffffff",
          "listHeaderBackgroundHovered": "#f4f4f4",
          "listHeaderBackgroundPressed": "#eaeaea",
          "listItemBackgroundChecked": "#eaeaea",
          "listItemBackgroundCheckedHovered": "#dadada",
          "listItemBackgroundHovered": "#f4f4f4",
          "listText": "#333333",
          "listTextColor": "#333333",
          "menuHeader": "#0078d4",
          "menuIcon": "#0078d4",
          "menuItemBackgroundChecked": "#eaeaea",
          "menuItemBackgroundHovered": "#f4f4f4",
          "smallInputBorder": "#666666",
          "successBackground": "rgba(186, 216, 10, .2)",
          "warningBackground": "rgba(255, 185, 0, .2)",
          "warningHighlight": "#ffb900",
          "warningText": "#333333",
        },
      }
    }
  >
    <MarqueeSelectionBase
      isEnabled={true}
      rootProps={Object {}}
      rootTagName="div"
      selection={
        Selection {
          "_anchoredIndex": 0,
          "_canSelectItem": [Function],
          "_changeEventSuppressionCount": 0,
          "_exemptedCount": 0,
          "_exemptedIndices": Object {},
          "_getKey": [Function],
          "_isModal": false,
          "_items": Array [],
          "_keyToIndexMap": Object {},
          "_onSelectionChanged": undefined,
          "_selectedIndices": Array [],
          "_selectedItems": null,
          "_unselectableCount": 0,
          "_unselectableIndices": Object {},
          "mode": 2,
        }
      }
      styles={[Function]}
      theme={
        Object {
          "disableGlobalClassNames": false,
          "fonts": Object {
            "large": Object {
              "MozOsxFontSmoothing": "grayscale",
              "WebkitFontSmoothing": "antialiased",
              "fontFamily": "'Segoe UI Web (West European)', 'Segoe UI', -apple-system, BlinkMacSystemFont, 'Roboto', 'Helvetica Neue', sans-serif",
              "fontSize": "17px",
              "fontWeight": 300,
            },
            "medium": Object {
              "MozOsxFontSmoothing": "grayscale",
              "WebkitFontSmoothing": "antialiased",
              "fontFamily": "'Segoe UI', 'Segoe UI Web (West European)', 'Segoe UI', -apple-system, BlinkMacSystemFont, 'Roboto', 'Helvetica Neue', sans-serif",
              "fontSize": "14px",
              "fontWeight": 400,
            },
            "mediumPlus": Object {
              "MozOsxFontSmoothing": "grayscale",
              "WebkitFontSmoothing": "antialiased",
              "fontFamily": "'Segoe UI', 'Segoe UI Web (West European)', 'Segoe UI', -apple-system, BlinkMacSystemFont, 'Roboto', 'Helvetica Neue', sans-serif",
              "fontSize": "15px",
              "fontWeight": 400,
            },
            "mega": Object {
              "MozOsxFontSmoothing": "grayscale",
              "WebkitFontSmoothing": "antialiased",
              "fontFamily": "'Segoe UI', 'Segoe UI Web (West European)', 'Segoe UI', -apple-system, BlinkMacSystemFont, 'Roboto', 'Helvetica Neue', sans-serif",
              "fontSize": "72px",
              "fontWeight": 100,
            },
            "small": Object {
              "MozOsxFontSmoothing": "grayscale",
              "WebkitFontSmoothing": "antialiased",
              "fontFamily": "'Segoe UI', 'Segoe UI Web (West European)', 'Segoe UI', -apple-system, BlinkMacSystemFont, 'Roboto', 'Helvetica Neue', sans-serif",
              "fontSize": "12px",
              "fontWeight": 400,
            },
            "smallPlus": Object {
              "MozOsxFontSmoothing": "grayscale",
              "WebkitFontSmoothing": "antialiased",
              "fontFamily": "'Segoe UI', 'Segoe UI Web (West European)', 'Segoe UI', -apple-system, BlinkMacSystemFont, 'Roboto', 'Helvetica Neue', sans-serif",
              "fontSize": "13px",
              "fontWeight": 400,
            },
            "superLarge": Object {
              "MozOsxFontSmoothing": "grayscale",
              "WebkitFontSmoothing": "antialiased",
              "fontFamily": "'Segoe UI', 'Segoe UI Web (West European)', 'Segoe UI', -apple-system, BlinkMacSystemFont, 'Roboto', 'Helvetica Neue', sans-serif",
              "fontSize": "42px",
              "fontWeight": 100,
            },
            "tiny": Object {
              "MozOsxFontSmoothing": "grayscale",
              "WebkitFontSmoothing": "antialiased",
              "fontFamily": "'Segoe UI', 'Segoe UI Web (West European)', 'Segoe UI', -apple-system, BlinkMacSystemFont, 'Roboto', 'Helvetica Neue', sans-serif",
              "fontSize": "10px",
              "fontWeight": 600,
            },
            "xLarge": Object {
              "MozOsxFontSmoothing": "grayscale",
              "WebkitFontSmoothing": "antialiased",
              "fontFamily": "'Segoe UI', 'Segoe UI Web (West European)', 'Segoe UI', -apple-system, BlinkMacSystemFont, 'Roboto', 'Helvetica Neue', sans-serif",
              "fontSize": "21px",
              "fontWeight": 100,
            },
            "xSmall": Object {
              "MozOsxFontSmoothing": "grayscale",
              "WebkitFontSmoothing": "antialiased",
              "fontFamily": "'Segoe UI', 'Segoe UI Web (West European)', 'Segoe UI', -apple-system, BlinkMacSystemFont, 'Roboto', 'Helvetica Neue', sans-serif",
              "fontSize": "11px",
              "fontWeight": 400,
            },
            "xxLarge": Object {
              "MozOsxFontSmoothing": "grayscale",
              "WebkitFontSmoothing": "antialiased",
              "fontFamily": "'Segoe UI', 'Segoe UI Web (West European)', 'Segoe UI', -apple-system, BlinkMacSystemFont, 'Roboto', 'Helvetica Neue', sans-serif",
              "fontSize": "28px",
              "fontWeight": 100,
            },
          },
          "isInverted": false,
          "palette": Object {
            "accent": "#0078d4",
            "black": "#000000",
            "blackTranslucent40": "rgba(0,0,0,.4)",
            "blue": "#0078d4",
            "blueDark": "#002050",
            "blueLight": "#00bcf2",
            "blueMid": "#00188f",
            "green": "#107c10",
            "greenDark": "#004b1c",
            "greenLight": "#bad80a",
            "magenta": "#b4009e",
            "magentaDark": "#5c005c",
            "magentaLight": "#e3008c",
            "neutralDark": "#212121",
            "neutralLight": "#eaeaea",
            "neutralLighter": "#f4f4f4",
            "neutralLighterAlt": "#f8f8f8",
            "neutralPrimary": "#333333",
            "neutralPrimaryAlt": "#3c3c3c",
            "neutralQuaternary": "#d0d0d0",
            "neutralQuaternaryAlt": "#dadada",
            "neutralSecondary": "#666666",
            "neutralSecondaryAlt": "#767676",
            "neutralTertiary": "#a6a6a6",
            "neutralTertiaryAlt": "#c8c8c8",
            "orange": "#d83b01",
            "orangeLight": "#ea4300",
            "orangeLighter": "#ff8c00",
            "purple": "#5c2d91",
            "purpleDark": "#32145a",
            "purpleLight": "#b4a0ff",
            "red": "#e81123",
            "redDark": "#a80000",
            "teal": "#008272",
            "tealDark": "#004b50",
            "tealLight": "#00b294",
            "themeDark": "#005a9e",
            "themeDarkAlt": "#106ebe",
            "themeDarker": "#004578",
            "themeLight": "#c7e0f4",
            "themeLighter": "#deecf9",
            "themeLighterAlt": "#eff6fc",
            "themePrimary": "#0078d4",
            "themeSecondary": "#2b88d8",
            "themeTertiary": "#71afe5",
            "white": "#ffffff",
            "whiteTranslucent40": "rgba(255,255,255,.4)",
            "yellow": "#ffb900",
            "yellowLight": "#fff100",
          },
          "semanticColors": Object {
            "blockingBackground": "rgba(234, 67, 0, .2)",
            "bodyBackground": "#ffffff",
            "bodyDivider": "#c8c8c8",
            "bodyFrameBackground": "#ffffff",
            "bodySubtext": "#666666",
            "bodyText": "#333333",
            "bodyTextChecked": "#000000",
            "buttonBackground": "#f4f4f4",
            "buttonBackgroundChecked": "#c8c8c8",
            "buttonBackgroundCheckedHovered": "#eaeaea",
            "buttonBackgroundHovered": "#eaeaea",
            "buttonBorder": "transparent",
            "buttonText": "#333333",
            "buttonTextChecked": "#212121",
            "buttonTextCheckedHovered": "#000000",
            "buttonTextHovered": "#000000",
            "disabledBackground": "#f4f4f4",
            "disabledBodyText": "#c8c8c8",
            "disabledSubtext": "#d0d0d0",
            "disabledText": "#a6a6a6",
            "errorBackground": "rgba(232, 17, 35, .2)",
            "errorText": "#a80000",
            "focusBorder": "#000000",
            "inputBackground": "#ffffff",
            "inputBackgroundChecked": "#0078d4",
            "inputBackgroundCheckedHovered": "#106ebe",
            "inputBorder": "#a6a6a6",
            "inputBorderHovered": "#212121",
            "inputFocusBorderAlt": "#0078d4",
            "inputForegroundChecked": "#ffffff",
            "inputPlaceholderText": "#666666",
            "link": "#0078d4",
            "linkHovered": "#004578",
            "listBackground": "#ffffff",
            "listHeaderBackgroundHovered": "#f4f4f4",
            "listHeaderBackgroundPressed": "#eaeaea",
            "listItemBackgroundChecked": "#eaeaea",
            "listItemBackgroundCheckedHovered": "#dadada",
            "listItemBackgroundHovered": "#f4f4f4",
            "listText": "#333333",
            "listTextColor": "#333333",
            "menuHeader": "#0078d4",
            "menuIcon": "#0078d4",
            "menuItemBackgroundChecked": "#eaeaea",
            "menuItemBackgroundHovered": "#f4f4f4",
            "smallInputBorder": "#666666",
            "successBackground": "rgba(186, 216, 10, .2)",
            "warningBackground": "rgba(255, 185, 0, .2)",
            "warningHighlight": "#ffb900",
            "warningText": "#333333",
          },
        }
      }
    >
      <div
        className=

            {
              cursor: default;
              position: relative;
            }
      >
        <div
          className=

              {
                background: rgba(255, 0, 0, 0);
                bottom: 0px;
                left: 0px;
                position: absolute;
                right: 0px;
                top: 0px;
              }
              @media screen and (-ms-high-contrast: active){& {
                background-color: transparent;
                background: none;
              }
        />
        <div
          className=

              {
                border: 1px solid #0078d4;
                box-sizing: border-box;
                pointer-events: none;
                position: absolute;
                z-index: 10;
              }
              @media screen and (-ms-high-contrast: active){& {
                border-color: Highlight;
              }
          style={
            Object {
              "height": 100,
              "left": 0,
              "top": 0,
              "width": 100,
            }
          }
        >
          <div
            className=

                {
                  background-color: #0078d4;
                  bottom: 0px;
                  box-sizing: border-box;
                  left: 0px;
                  opacity: 0.1;
                  position: absolute;
                  right: 0px;
                  top: 0px;
                }
                @media screen and (-ms-high-contrast: active){& {
                  background-color: transparent;
                  background: none;
                }
          />
        </div>
      </div>
    </MarqueeSelectionBase>
  </CustomizedMarqueeSelection>
</StyledCustomizedMarqueeSelection>
`;
